// Jest Snapshot v1, https://goo.gl/fbAQLP

exports[`Pruebas en el Range Debe de mostrar el componente Range 1`] = `
Object {
  "asFragment": [Function],
  "baseElement": <body>
    <div>
      <div
        class="flex flex-wrap -mx-3 mb-6"
      >
        <div
          class="w-full md:w-1/2 px-3 mb-6 md:mb-0 my-8"
        >
          <input
            autocomplete="off"
            class="appearance-none block w-full bg-gray-200 text-gray-700 border border-gray-200 rounded py-3 px-4 mb-3 leading-tight focus:outline-none focus:bg-white"
            name="Inputleft"
            type="number"
            value=""
          />
        </div>
        <div
          class="w-full md:w-1/2 px-3 my-8"
        >
          <input
            autocomplete="off"
            class="appearance-none block w-full bg-gray-200 text-gray-700 border border-gray-200 rounded py-3 px-4 leading-tight focus:outline-none focus:bg-white focus:border-gray-500"
            name="InputRight"
            type="number"
            value=""
          />
        </div>
      </div>
      <div
        class="sliderRange"
      >
        <div
          class="bullet_initial"
          id="bullet_initial"
          style="left: 0%;"
          type="left"
        />
        <div
          class="line"
        />
        <div
          class="bullet_final"
          id="bullet_final"
          style="left: 100%;"
          type="right"
        />
      </div>
    </div>
  </body>,
  "container": <div>
    <div
      class="flex flex-wrap -mx-3 mb-6"
    >
      <div
        class="w-full md:w-1/2 px-3 mb-6 md:mb-0 my-8"
      >
        <input
          autocomplete="off"
          class="appearance-none block w-full bg-gray-200 text-gray-700 border border-gray-200 rounded py-3 px-4 mb-3 leading-tight focus:outline-none focus:bg-white"
          name="Inputleft"
          type="number"
          value=""
        />
      </div>
      <div
        class="w-full md:w-1/2 px-3 my-8"
      >
        <input
          autocomplete="off"
          class="appearance-none block w-full bg-gray-200 text-gray-700 border border-gray-200 rounded py-3 px-4 leading-tight focus:outline-none focus:bg-white focus:border-gray-500"
          name="InputRight"
          type="number"
          value=""
        />
      </div>
    </div>
    <div
      class="sliderRange"
    >
      <div
        class="bullet_initial"
        id="bullet_initial"
        style="left: 0%;"
        type="left"
      />
      <div
        class="line"
      />
      <div
        class="bullet_final"
        id="bullet_final"
        style="left: 100%;"
        type="right"
      />
    </div>
  </div>,
  "debug": [Function],
  "findAllByAltText": [Function],
  "findAllByDisplayValue": [Function],
  "findAllByLabelText": [Function],
  "findAllByPlaceholderText": [Function],
  "findAllByRole": [Function],
  "findAllByTestId": [Function],
  "findAllByText": [Function],
  "findAllByTitle": [Function],
  "findByAltText": [Function],
  "findByDisplayValue": [Function],
  "findByLabelText": [Function],
  "findByPlaceholderText": [Function],
  "findByRole": [Function],
  "findByTestId": [Function],
  "findByText": [Function],
  "findByTitle": [Function],
  "getAllByAltText": [Function],
  "getAllByDisplayValue": [Function],
  "getAllByLabelText": [Function],
  "getAllByPlaceholderText": [Function],
  "getAllByRole": [Function],
  "getAllByTestId": [Function],
  "getAllByText": [Function],
  "getAllByTitle": [Function],
  "getByAltText": [Function],
  "getByDisplayValue": [Function],
  "getByLabelText": [Function],
  "getByPlaceholderText": [Function],
  "getByRole": [Function],
  "getByTestId": [Function],
  "getByText": [Function],
  "getByTitle": [Function],
  "queryAllByAltText": [Function],
  "queryAllByDisplayValue": [Function],
  "queryAllByLabelText": [Function],
  "queryAllByPlaceholderText": [Function],
  "queryAllByRole": [Function],
  "queryAllByTestId": [Function],
  "queryAllByText": [Function],
  "queryAllByTitle": [Function],
  "queryByAltText": [Function],
  "queryByDisplayValue": [Function],
  "queryByLabelText": [Function],
  "queryByPlaceholderText": [Function],
  "queryByRole": [Function],
  "queryByTestId": [Function],
  "queryByText": [Function],
  "queryByTitle": [Function],
  "rerender": [Function],
  "unmount": [Function],
}
`;
